// Jest Snapshot v1, https://goo.gl/fbAQLP

exports[`generate CircleButton snapshot 1`] = `
<button
  className="sc-bdVaJa wfWew"
  onClick={undefined}
  type={undefined}
/>
`;
