// Jest Snapshot v1, https://goo.gl/fbAQLP

exports[`generate AppBar snapshot 1`] = `
<div
  className="sc-bdVaJa fXnJXs"
  height={undefined}
>
  <div
    className="sc-bwzfXH bwNFHM"
  />
  <div
    className="sc-dnqmqq bQbZXj"
  >
    <span>
      <span
        className="sc-iwsKbI efEKy"
      >
        <a
          href="/"
        >
          Home
        </a>
      </span>
    </span>
    <span>
      <span
        className="sc-iwsKbI efEKy"
      >
        <a
          href="/"
        >
          Home
        </a>
      </span>
    </span>
    <span>
      <span
        className="sc-iwsKbI efEKy"
      >
        <a
          href="/"
        >
          Home
        </a>
      </span>
    </span>
    <span>
      <span
        className="sc-iwsKbI efEKy"
      >
        <a
          href="/"
        >
          Home
        </a>
      </span>
    </span>
  </div>
  <div
    className="sc-htpNat cpMKuo"
    onClick={[Function]}
  >
    menu
  </div>
  <div
    className="sc-ifAKCX fVixIb"
    style={
      Object {
        "display": "none",
      }
    }
  >
    <div
      className="sc-EHOje fzWXcg"
    >
      <div
        className="sc-bZQynM hJBfGn"
      />
      <div
        className="sc-bxivhb jRVxcX"
        onClick={[Function]}
      >
        close
      </div>
    </div>
    <div
      className="sc-gqjmRU eAwNAW"
    >
      <div
        className="sc-gzVnrw cpPDdq"
      >
        <span
          className="sc-htoDjs nxrqN"
          onClick={[Function]}
        >
          <a
            href="/"
          >
            Home
          </a>
        </span>
      </div>
      <div
        className="sc-gzVnrw cpPDdq"
      >
        <span
          className="sc-htoDjs nxrqN"
          onClick={[Function]}
        >
          <a
            href="/"
          >
            Home
          </a>
        </span>
      </div>
      <div
        className="sc-gzVnrw cpPDdq"
      >
        <span
          className="sc-htoDjs nxrqN"
          onClick={[Function]}
        >
          <a
            href="/"
          >
            Home
          </a>
        </span>
      </div>
      <div
        className="sc-gzVnrw cpPDdq"
      >
        <span
          className="sc-htoDjs nxrqN"
          onClick={[Function]}
        >
          <a
            href="/"
          >
            Home
          </a>
        </span>
      </div>
    </div>
  </div>
</div>
`;
