// Jest Snapshot v1, https://goo.gl/fbAQLP

exports[`text area snapshot 1`] = `
<div>
  <textarea
    className="bg-grey-lighter appearance-none border-2 border-grey-lighter hover:border-teal  rounded w-full py-2 px-4 text-grey-darker sc-bdVaJa igkfrU"
    name={undefined}
    placeholder={undefined}
    rows={4}
    type={undefined}
    value={undefined}
  />
</div>
`;
