// Jest Snapshot v1, https://goo.gl/fbAQLP

exports[`loader snapshot 1`] = `
<div
  className="border-6 border-teal bg-grey-light rounded-full w-8 h-8 border-t-4 shadow sc-bdVaJa ixIJhe"
/>
`;
