// Jest Snapshot v1, https://goo.gl/fbAQLP

exports[`t snapshot 1`] = `
<span>
  This is some text that should be truncated because its
  <span
    onClick={[Function]}
  >
    <span>
      ...more
    </span>
  </span>
</span>
`;
