// Jest Snapshot v1, https://goo.gl/fbAQLP

exports[`secondary button snapshot 1`] = `
<button
  className="bg-pink hover:bg-pink-dark text-white font-sans font-bold py-2 px-4 shadow rounded sc-bdVaJa igkfrU"
/>
`;
