// Jest Snapshot v1, https://goo.gl/fbAQLP

exports[`generate text field snapshot 1`] = `
<div
  className="sc-bdVaJa fPPamc"
>
  <input
    className="sc-bwzfXH dHeuUr"
    placeholder={null}
    type={undefined}
  />
</div>
`;
