// Jest Snapshot v1, https://goo.gl/fbAQLP

exports[`info button snapshot 1`] = `
<button
  className="bg-indigo hover:bg-indigo-dark text-white font-sans font-bold py-2 px-4 shadow rounded sc-bdVaJa igkfrU"
/>
`;
