// Jest Snapshot v1, https://goo.gl/fbAQLP

exports[`primary button snapshot 1`] = `
<button
  className="bg-blue hover:bg-blue-dark text-white font-sans font-bold py-2 px-4 shadow rounded sc-bdVaJa igkfrU"
/>
`;
