// Jest Snapshot v1, https://goo.gl/fbAQLP

exports[`article snapshot 1`] = `
<div
  className="w-full font-sans"
>
  <h1
    className="font-sans font-thin mb-4"
  />
  <p
    className="text-grey mb-3"
  />
  <h2
    className="font-sans font-thin leading-normal mb-4"
  />
  <p
    className="text-grey-darkest mb-6 leading-tight"
  />
</div>
`;
