// Jest Snapshot v1, https://goo.gl/fbAQLP

exports[`modal snapshot 1`] = `
<div
  className="fixed pin flex items-center"
>
  <div
    className="fixed pin bg-black opacity-75 z-10"
  />
  <div
    className="p-4 rounded shadow-lg bg-white relative mx-6 md:mx-auto w-full md:w-1/2 lg:w-1/3 z-20 m-8"
  >
    <div
      className="flex justify-between items-center mb-6"
    >
      <div
        className="text-2xl"
      />
      <button
        onClick={undefined}
      >
        <span
          className="mr-2"
        >
          close
        </span>
      </button>
    </div>
    <div />
    <div
      className="mt-4 flex justify-end"
    />
  </div>
</div>
`;
