// Jest Snapshot v1, https://goo.gl/fbAQLP

exports[`t snapshot 1`] = `
<span
  className="font-sans"
>
  This is some text that should be truncated because its
  <span
    className="text-teal cursor-pointer"
    onClick={[Function]}
  >
    <span>
      ...more
    </span>
  </span>
</span>
`;
