// Jest Snapshot v1, https://goo.gl/fbAQLP

exports[`fullscreen menu snapshot 1`] = `
<div
  className="h-full bg-black w-full fixed pin-t pin-l z-10 overflow-hidden"
>
  <div
    className="relative text-center"
  />
</div>
`;
