// Jest Snapshot v1, https://goo.gl/fbAQLP

exports[`generate from snapshot 1`] = `
<form
  className="sc-bdVaJa eVqmiX"
  onSubmit={undefined}
>
  <div />
</form>
`;
