// Jest Snapshot v1, https://goo.gl/fbAQLP

exports[`dangerous html snapshot 1`] = `
<div
  dangerouslySetInnerHTML={
    Object {
      "__html": "First Â· Second",
    }
  }
/>
`;
