// Jest Snapshot v1, https://goo.gl/fbAQLP

exports[`default button snapshot 1`] = `
<button
  className="undefined bg-grey hover:bg-grey-dark text-white font-sans font-bold py-2 px-4 shadow rounded inline-flex items-center sc-bdVaJa igkfrU"
/>
`;
