// Jest Snapshot v1, https://goo.gl/fbAQLP

exports[`showif snapshot 1`] = `null`;
