// Jest Snapshot v1, https://goo.gl/fbAQLP

exports[`danger button snapshot 1`] = `
<button
  className="undefinedbg-red hover:bg-red-dark text-white font-sans font-bold py-2 px-4 shadow rounded sc-bdVaJa igkfrU"
/>
`;
