// Jest Snapshot v1, https://goo.gl/fbAQLP

exports[`generate alert snapshot 1`] = `
<div
  className="sc-bdVaJa lhTmjz"
/>
`;
