// Jest Snapshot v1, https://goo.gl/fbAQLP

exports[`generate text area snapshot 1`] = `
<div
  className="sc-bwzfXH jqtxFq"
>
  <textarea
    className="sc-bdVaJa glEYay"
    placeholder={null}
  />
</div>
`;
