// Jest Snapshot v1, https://goo.gl/fbAQLP

exports[`render if snapshot 1`] = `"Will this render?"`;
