// Jest Snapshot v1, https://goo.gl/fbAQLP

exports[`text snapshot 1`] = `
<div
  className="text-black font-sans text-base font-normal text-left normal-case"
>
  some text
</div>
`;
