// Jest Snapshot v1, https://goo.gl/fbAQLP

exports[`success button snapshot 1`] = `
<button
  className="undefined bg-green hover:bg-green-dark text-white font-sans font-bold py-2 px-4 shadow rounded sc-bdVaJa igkfrU"
/>
`;
